[    2181ms] [LOG] Search insight adopter values set to {"appId":"support_drupal","prefix":"support_drupal"} @ https://www.ibm.com/marketplace/static/components/search/insights/ibm-search-insights.js:28
[    2181ms] [LOG] Search insight adopter values set to {"appId":"support_drupal","prefix":"support_drupal"} @ https://www.ibm.com/marketplace/static/components/search/insights/ibm-search-insights.js:28
[    2959ms] [ERROR] Refused to set unsafe header "origin" @ https://1.www.s81c.com/common/carbon-for-ibm-dotcom/tag/v1/latest/index4.js:94
[    2973ms] [ERROR] +++DBDM-ERROR > ajaxCall: IBM-Cloud-Profile : -1 : error @ https://1.www.s81c.com/common/stats/ida_stats.js:7
[    2973ms] [ERROR] Failed to load resource: net::ERR_HTTP2_PROTOCOL_ERROR @ https://cloud.ibm.com/analytics/profile:0
[    2973ms] [ERROR] +++DBDM-ERROR > ajaxCall: UPID : -1 : error @ https://1.www.s81c.com/common/stats/ida_stats.js:7
[    2974ms] [ERROR] Failed to load resource: net::ERR_HTTP2_PROTOCOL_ERROR @ https://cloud.ibm.com/analytics/bmaid:0
[    4255ms] [ERROR] TypeError: Cannot read properties of undefined (reading 'className')
    at e.init (https://1.www.s81c.com/common/v18/js/www.js:9:349721)
    at o (https://1.www.s81c.com/common/v18/js/www.js:9:206238)
    at Object.t (https://1.www.s81c.com/common/v18/js/www.js:9:203594)
    at t.publish (https://1.www.s81c.com/common/v18/js/www.js:9:164591)
    at s.publish (https://1.www.s81c.com/common/v18/js/www.js:9:163041)
    at HTMLDocument.<anonymous> (https://1.www.s81c.com/common/v18/js/www.js:9:201173)
    at e (https://1.www.s81c.com/common/v18/js/www.js:9:43513)
    at t (https://1.www.s81c.com/common/v18/js/www.js:9:43815) @ https://1.www.s81c.com/common/v18/js/www.js:8
[    4275ms] Uncaught Error: No select2/compat/containerCss
    at x (https://1.www.s81c.com/common/v18/js/www.js:8:286004)
    at a (https://1.www.s81c.com/common/v18/js/www.js:8:287204)
    at <anonymous> (https://1.www.s81c.com/common/v18/js/www.js:8:285842)
    at n.apply (https://1.www.s81c.com/common/v18/js/www.js:8:335775)
    at e (https://1.www.s81c.com/common/v18/js/www.js:8:337704)
    at d (https://1.www.s81c.com/common/v18/js/www.js:8:339755)
    at <anonymous> (https://1.www.s81c.com/common/v18/js/www.js:8:348811)
    at each (https://1.www.s81c.com/common/v18/js/www.js:8:17014)
    at each (https://1.www.s81c.com/common/v18/js/www.js:8:15691)
    at o.fn.select2 (https://1.www.s81c.com/common/v18/js/www.js:8:348771)
    at <anonymous> (https://www.ibm.com/support/pages/modules/custom/select2boxes/js/select2boxes.js?v=4.0.5:332:21)
    at n (https://cdnjs.cloudflare.com/ajax/libs/select2/4.0.5/js/select2.full.min.js:0:2686)
    at <anonymous> (https://cdnjs.cloudflare.com/ajax/libs/select2/4.0.5/js/select2.full.min.js:0:3064)
[    4381ms] Uncaught TypeError: Cannot read properties of undefined (reading 'attributes')
    at h (https://1.www.s81c.com/common/v18/js/www.js:8:208474)
    at <anonymous> (https://1.www.s81c.com/common/v18/js/www.js:8:216105)
    at e (https://1.www.s81c.com/common/v18/js/www.js:8:43512)
    at t (https://1.www.s81c.com/common/v18/js/www.js:8:43814)
[    4546ms] [ERROR] Failed to load resource: the server responded with a status of 404 () @ https://www.ibm.com/support/screst/user-history/?mediatype=json&limit=4:0
[    4996ms] [INFO] Slow network is detected. See https://www.chromestatus.com/feature/5636954674692096 for more details. Fallback font will be used while loading: https://consent.trustarc.com/get?name=IBM_PlexSans-SemiBold.ttf @ https://consent.trustarc.com/notice?c=teconsent&domain=ibm.com&country=US&state=AZ&language=en-US&privacypolicylink=https%3A%2F%2Fwww.ibm.com%2Fprivacy&js=nj&noticeType=bb&text=true&pcookie&cdn=1&gtm=1:0
[    4997ms] [INFO] Slow network is detected. See https://www.chromestatus.com/feature/5636954674692096 for more details. Fallback font will be used while loading: https://consent.trustarc.com/get?name=IBM_PlexSans-Regular.ttf @ https://consent.trustarc.com/notice?c=teconsent&domain=ibm.com&country=US&state=AZ&language=en-US&privacypolicylink=https%3A%2F%2Fwww.ibm.com%2Fprivacy&js=nj&noticeType=bb&text=true&pcookie&cdn=1&gtm=1:0
